------------------------------------------------------------
Timing Analyzer Summary
------------------------------------------------------------

Type  : Slow 1200mV 85C Model Setup 'pll_inst|altpll_component|auto_generated|pll1|clk[2]'
Slack : 1.513
TNS   : 0.000

Type  : Slow 1200mV 85C Model Setup 'pll_inst|altpll_component|auto_generated|pll1|clk[0]'
Slack : 9.389
TNS   : 0.000

Type  : Slow 1200mV 85C Model Hold 'pll_inst|altpll_component|auto_generated|pll1|clk[0]'
Slack : 0.386
TNS   : 0.000

Type  : Slow 1200mV 85C Model Hold 'pll_inst|altpll_component|auto_generated|pll1|clk[2]'
Slack : 0.401
TNS   : 0.000

Type  : Slow 1200mV 85C Model Recovery 'pll_inst|altpll_component|auto_generated|pll1|clk[2]'
Slack : 4.936
TNS   : 0.000

Type  : Slow 1200mV 85C Model Removal 'pll_inst|altpll_component|auto_generated|pll1|clk[2]'
Slack : 3.550
TNS   : 0.000

Type  : Slow 1200mV 85C Model Minimum Pulse Width 'pll_inst|altpll_component|auto_generated|pll1|clk[2]'
Slack : 4.694
TNS   : 0.000

Type  : Slow 1200mV 85C Model Minimum Pulse Width 'pll_inst|altpll_component|auto_generated|pll1|clk[0]'
Slack : 9.707
TNS   : 0.000

Type  : Slow 1200mV 85C Model Minimum Pulse Width 'clock_50'
Slack : 9.891
TNS   : 0.000

Type  : Slow 1200mV 0C Model Setup 'pll_inst|altpll_component|auto_generated|pll1|clk[2]'
Slack : 2.143
TNS   : 0.000

Type  : Slow 1200mV 0C Model Setup 'pll_inst|altpll_component|auto_generated|pll1|clk[0]'
Slack : 10.128
TNS   : 0.000

Type  : Slow 1200mV 0C Model Hold 'pll_inst|altpll_component|auto_generated|pll1|clk[0]'
Slack : 0.339
TNS   : 0.000

Type  : Slow 1200mV 0C Model Hold 'pll_inst|altpll_component|auto_generated|pll1|clk[2]'
Slack : 0.353
TNS   : 0.000

Type  : Slow 1200mV 0C Model Recovery 'pll_inst|altpll_component|auto_generated|pll1|clk[2]'
Slack : 5.423
TNS   : 0.000

Type  : Slow 1200mV 0C Model Removal 'pll_inst|altpll_component|auto_generated|pll1|clk[2]'
Slack : 3.151
TNS   : 0.000

Type  : Slow 1200mV 0C Model Minimum Pulse Width 'pll_inst|altpll_component|auto_generated|pll1|clk[2]'
Slack : 4.684
TNS   : 0.000

Type  : Slow 1200mV 0C Model Minimum Pulse Width 'pll_inst|altpll_component|auto_generated|pll1|clk[0]'
Slack : 9.692
TNS   : 0.000

Type  : Slow 1200mV 0C Model Minimum Pulse Width 'clock_50'
Slack : 9.887
TNS   : 0.000

Type  : Fast 1200mV 0C Model Setup 'pll_inst|altpll_component|auto_generated|pll1|clk[2]'
Slack : 5.652
TNS   : 0.000

Type  : Fast 1200mV 0C Model Setup 'pll_inst|altpll_component|auto_generated|pll1|clk[0]'
Slack : 14.453
TNS   : 0.000

Type  : Fast 1200mV 0C Model Hold 'pll_inst|altpll_component|auto_generated|pll1|clk[0]'
Slack : 0.174
TNS   : 0.000

Type  : Fast 1200mV 0C Model Hold 'pll_inst|altpll_component|auto_generated|pll1|clk[2]'
Slack : 0.181
TNS   : 0.000

Type  : Fast 1200mV 0C Model Recovery 'pll_inst|altpll_component|auto_generated|pll1|clk[2]'
Slack : 7.299
TNS   : 0.000

Type  : Fast 1200mV 0C Model Removal 'pll_inst|altpll_component|auto_generated|pll1|clk[2]'
Slack : 1.839
TNS   : 0.000

Type  : Fast 1200mV 0C Model Minimum Pulse Width 'pll_inst|altpll_component|auto_generated|pll1|clk[2]'
Slack : 4.752
TNS   : 0.000

Type  : Fast 1200mV 0C Model Minimum Pulse Width 'clock_50'
Slack : 9.574
TNS   : 0.000

Type  : Fast 1200mV 0C Model Minimum Pulse Width 'pll_inst|altpll_component|auto_generated|pll1|clk[0]'
Slack : 9.751
TNS   : 0.000

------------------------------------------------------------
